<?xml version="1.0" encoding="utf-8"?><testsuites name="pytest tests"><testsuite name="pytest" errors="0" failures="0" skipped="2" tests="48" time="17.218" timestamp="2026-02-27T12:26:27.431627-05:00" hostname="amanjakunnel-m4.local"><testcase classname="tests.test_data" name="test_get_batch" time="0.087" /><testcase classname="tests.test_model" name="test_linear" time="0.026" /><testcase classname="tests.test_model" name="test_embedding" time="0.007" /><testcase classname="tests.test_model" name="test_swiglu" time="0.003" /><testcase classname="tests.test_model" name="test_scaled_dot_product_attention" time="0.002" /><testcase classname="tests.test_model" name="test_4d_scaled_dot_product_attention" time="0.577" /><testcase classname="tests.test_model" name="test_multihead_self_attention" time="0.005" /><testcase classname="tests.test_model" name="test_multihead_self_attention_with_rope" time="0.003" /><testcase classname="tests.test_model" name="test_transformer_lm" time="0.017" /><testcase classname="tests.test_model" name="test_transformer_lm_truncated_input" time="0.021" /><testcase classname="tests.test_model" name="test_transformer_block" time="0.004" /><testcase classname="tests.test_model" name="test_rmsnorm" time="0.002" /><testcase classname="tests.test_model" name="test_rope" time="0.001" /><testcase classname="tests.test_model" name="test_silu_matches_pytorch" time="0.000" /><testcase classname="tests.test_nn_utils" name="test_softmax_matches_pytorch" time="0.000" /><testcase classname="tests.test_nn_utils" name="test_cross_entropy" time="0.000" /><testcase classname="tests.test_nn_utils" name="test_gradient_clipping" time="0.026" /><testcase classname="tests.test_optimizer" name="test_adamw" time="0.105" /><testcase classname="tests.test_optimizer" name="test_get_lr_cosine_schedule" time="0.000" /><testcase classname="tests.test_serialization" name="test_checkpointing" time="0.011" /><testcase classname="tests.test_tokenizer" name="test_roundtrip_empty" time="0.053" /><testcase classname="tests.test_tokenizer" name="test_empty_matches_tiktoken" time="0.124" /><testcase classname="tests.test_tokenizer" name="test_roundtrip_single_character" time="0.048" /><testcase classname="tests.test_tokenizer" name="test_single_character_matches_tiktoken" time="0.047" /><testcase classname="tests.test_tokenizer" name="test_roundtrip_single_unicode_character" time="0.047" /><testcase classname="tests.test_tokenizer" name="test_single_unicode_character_matches_tiktoken" time="0.047" /><testcase classname="tests.test_tokenizer" name="test_roundtrip_ascii_string" time="0.052" /><testcase classname="tests.test_tokenizer" name="test_ascii_string_matches_tiktoken" time="0.053" /><testcase classname="tests.test_tokenizer" name="test_roundtrip_unicode_string" time="0.049" /><testcase classname="tests.test_tokenizer" name="test_unicode_string_matches_tiktoken" time="0.051" /><testcase classname="tests.test_tokenizer" name="test_roundtrip_unicode_string_with_special_tokens" time="0.050" /><testcase classname="tests.test_tokenizer" name="test_unicode_string_with_special_tokens_matches_tiktoken" time="0.050" /><testcase classname="tests.test_tokenizer" name="test_overlapping_special_tokens" time="0.054" /><testcase classname="tests.test_tokenizer" name="test_address_roundtrip" time="0.660" /><testcase classname="tests.test_tokenizer" name="test_address_matches_tiktoken" time="0.678" /><testcase classname="tests.test_tokenizer" name="test_german_roundtrip" time="0.362" /><testcase classname="tests.test_tokenizer" name="test_german_matches_tiktoken" time="0.361" /><testcase classname="tests.test_tokenizer" name="test_tinystories_sample_roundtrip" time="1.474" /><testcase classname="tests.test_tokenizer" name="test_tinystories_matches_tiktoken" time="1.440" /><testcase classname="tests.test_tokenizer" name="test_encode_special_token_trailing_newlines" time="0.047" /><testcase classname="tests.test_tokenizer" name="test_encode_special_token_double_newline_non_whitespace" time="0.052" /><testcase classname="tests.test_tokenizer" name="test_encode_iterable_tinystories_sample_roundtrip" time="1.490" /><testcase classname="tests.test_tokenizer" name="test_encode_iterable_tinystories_matches_tiktoken" time="1.445" /><testcase classname="tests.test_tokenizer" name="test_encode_iterable_memory_usage" time="0.000"><skipped type="pytest.skip" message="rlimit support for non-linux systems is spotty.">/Users/amanjakunnel/Documents/Penn State/Academics/CSE587 (NLP)/Assignment 1/tests/test_tokenizer.py:416: rlimit support for non-linux systems is spotty.</skipped></testcase><testcase classname="tests.test_tokenizer" name="test_encode_memory_usage" time="0.000"><skipped type="pytest.skip" message="rlimit support for non-linux systems is spotty.">/Users/amanjakunnel/Documents/Penn State/Academics/CSE587 (NLP)/Assignment 1/tests/test_tokenizer.py:431: rlimit support for non-linux systems is spotty.</skipped></testcase><testcase classname="tests.test_train_bpe" name="test_train_bpe_speed" time="1.035" /><testcase classname="tests.test_train_bpe" name="test_train_bpe" time="1.036" /><testcase classname="tests.test_train_bpe" name="test_train_bpe_special_tokens" time="5.473" /></testsuite></testsuites>